<dl><dt>定義語</dt><dd>説明文<p>説明文続く</p>
</dd><dd>定義語省略</dd></dl>
