<h2>
 heading1
</h2>
<h3>
 heading2
</h3>
<h4>
 heading3
</h4>
<h4>
* also heading3
</h4>
<h4>
 heading3 return
</h4>
<h3>
 heading2
</h3>
<h2>
 見出し1
</h2>
<h3>
 見出し2
</h3>
<h4>
 見出し3
</h4>
<h4>
* これも見出し3
</h4>
