<p>
<br/>
<br/>
<br/>
</p><div align="center"><span style="font-size:20px">２００５年度未踏ソフトウェア創造事業</span>
<br/><br/><span style="font-size:18px">（ユーザ主導型Webアプリケーション作成ツールの開発）</span>
<br/><br/><span style="font-size:18px">成果報告書</span>
<br/></div>
<p>
<br/>
<br/>
<br/>
<br/>
<br/>
<br/>
</p><div align="center">開発代表者：西岡 悠平<br/>共同開発者：染田 貴志<br/>担 当 P M：千葉 滋<br/>プロジェクト管理組織：日本エンジェルス・インベストメント（株）</div>
<p>
<br/>
<br/>
<br/>
<br/>
<br/>
<br/>
</p><div align="center">２００６年２月２８日</div>
<div style="page-break-after:always;"></div>
<div align="center">目次</div>
<div class="contents"><ul><li><a href="#tg9c3ea0e9"> 要約</li></a><li><a href="#tg9c3ea0ea"> 背景及び目的</li></a><li><a href="#tg9c3ea0eb"> プロジェクト概要　</li></a><li><a href="#tg9c3ea0ec"> 開発内容　</li></a><ul><li><a href="#tg5b3328a5"> 概要</li></a><li><a href="#tg891cfb27"> Tuigwaa Manager </li></a><ul><li><a href="#tg24aef5ba"> サイトの作成・編集</li></a><li><a href="#tg24aef5bb"> サイトのバックアップ・リストア</li></a><li><a href="#tg24aef5bc"> サイトテンプレート機能</li></a><li><a href="#tg24aef5bd"> 外部データベースの追加</li></a><li><a href="#tg24aef5be"> ユーザ、ロールの作成・編集</li></a><li><a href="#tg24aef5bf"> 各種情報の閲覧</li></a></ul><li><a href="#tgfd86d971"> ページ</li></a><ul><li><a href="#tg9b14d213">編集　</li></a><li><a href="#tg21809b0e"> 添付ファイル</li></a><li><a href="#tgb28cb8c0"> 履歴</li></a><li><a href="#tgc4030e0"> RSS</li></a><li><a href="#tg9b14d216"> ページ設定</li></a></ul><li><a href="#tgfd86d972"> データベース</li></a><ul><li><a href="#tgc74713fe"> アーキテクチャ</li></a><li><a href="#tgfd86d973"> テーブルの作成 </li></a><li><a href="#tgba3157bb"> カラムの種類</li></a><li><a href="#tg7528ec80"> 関連データについて</li></a><li><a href="#tgd201e0f7"> データの挿入、編集、削除</li></a><li><a href="#tg94eaaa50"> テーブル、データに対する操作</li></a><li><a href="#tgc4030e1"> テーブル新規レコードの RSS</li></a></ul><li><a href="#tgc09d638d"> ページとデータベースの連動</li></a><ul><li><a href="#tg5abe56a0"> 通常のページ</li></a><li><a href="#tg5abe56a1"> レコード指定ページ</li></a><li><a href="#tg22aed215"> レコード指定ページ作成のナビゲーション</li></a><li><a href="#tg5abe56a2"> レコード指定ページと関連データ機能 </li></a></ul><li><a href="#tgc09d638e"> ロジック</li></a><ul><li><a href="#tgaad5033a"> アーキテクチャ</li></a><li><a href="#tgaad5033b"> ロジックの詳細</li></a></ul><li><a href="#tg891cfb28"> セキュリティ</li></a><ul><li><a href="#tg891cfb29"> 認証</li></a><li><a href="#tg891cfb2a"> 承認</li></a><li><a href="#tg94c0e7fa"> 添付ファイルのセキュリティについて</li></a><li><a href="#tgfd86d974"> その他の機能</li></a></ul><li><a href="#tgcdc4cc8a"> サイト設定</li></a><ul><li><a href="#tg406b562f"> フォルダ管理</li></a><li><a href="#tg406b562e"> デザイン</li></a></ul><li><a href="#tg891cfb2b"> プラグイン </li></a></ul><li><a href="#tg9c3ea0f0"> 開発成果の特徴</li></a><li><a href="#tg9c3ea0f1"> 今後の課題、展望</li></a><li><a href="#tg9c3ea0f2"> 実施計画書内容との相違点</li></a><li><a href="#tg9c3ea0f3"> 開発分担（該当者のみ記述）</li></a><li><a href="#tg9c3ea0f4"> 秘匿ノウハウの指定（該当者のみ記述）</li></a><li><a href="#tg9c3ea0f5"> その他（特記しておくべき事項等：該当者のみ記述）</li></a><li><a href="#tg9c3ea0f6"> 付録（用語説明、関連Ｗｅｂサイト　等）</li></a></ul></div>

<h2>
 要約<a id="tg9c3ea0e9" class="anchor_super" href="#tg9c3ea0e9">&nbsp;</a>
</h2>
<blockquote>○１５０～２００字程度で本プロジェクトの開発成果の要旨（『何ができたか？』、『何を開発したか？』を記述して下さい。</blockquote>
<p>本プロジェクトでは以下の機能を有するアプリケーションプラットフォーム「Tuigwaa」を開発した。</p>
<ul>
<li>コンテンツ (文書) の作成・編集・閲覧</li><li>データモデルの定義、データの入力・編集・閲覧</li><li>イベント指定によるフロー制御<p>このツールにより、セミナー受付サイト、掲示板、ブログ等といった Web アプリケーションを、特別な開発環境や知識を必要とせずにブラウザ上から構築することが可能となった。</p>
</li></ul>
<h2>
 背景及び目的<a id="tg9c3ea0ea" class="anchor_super" href="#tg9c3ea0ea">&nbsp;</a>
</h2>
<blockquote> ○本プロジェクトを実施する以前の状況・背景とプロジェクト実施の目的とを記述し、背景にある問題をどのように解決あるいは変化させたいかを明らかにして下さい。</blockquote>
<p>近年企業内外を問わず Web アプリケーションの広がりは留まる所を知らない。Web アプリケーションはクライアントへの依存性が小さく、またその情報の同時性や、共有性といった点においてはデスクトップアプリケーションに比して優れているといえる。</p>
<p>ただ、実際には簡易的な Web アプリケーションであってもその開発には時間やコスト等の問題があり、グループウェアなどによって汎用化されたサービス以外のものについては実際には導入されていないことが多々あると考えられる。</p>
<p>そのような汎用化されにくい状況では、スプレッドシートをメールで送信し、情報共有をするといったような代替手段を用いられているケースが多い。しかし、情報共有といった観点からすると、そのような代替手段は情報を一元管理出来ない事から非効率であり、また最新性の保障が難しいといったような問題を有している。</p>
<p>上記の問題点は、たとえどのような簡易な Web アプリケーションでも、通常その作成はユーザではなく開発者に委ねられており、そのような仕組みにおいては時間とコストの問題を解決することは難しい。そこで、ユーザ自身が実際に自分にとって必要なアプリケーションを簡単に作成出来るようなプラットフォームがあればその問題を解決出来ると考える。</p>
<h2>
 プロジェクト概要　<a id="tg9c3ea0eb" class="anchor_super" href="#tg9c3ea0eb">&nbsp;</a>
</h2>
<blockquote>○本プロジェクトで①どんなソフトウェアまたはシステムを開発するのか（目標とする機能・性能やその実現手段など）と、②開発結果としてどこまで実現できたのかなど、開発テーマの概要となる点を『簡潔に記述』して下さい。○本項はプロジェクトの目標と結果の概要をわかり易くまとめていただくものであり、開発内容・結果の詳細については、下記の「４．開発内容」で記述して下さい。</blockquote>
<p>特別な知識や開発環境を必要とせずに、ユーザが Web アプリケーションを作成するために、以下の機能を要するプラットフォームを開発する。</p>
<ul>
<li> コンテンツ (文書) の作成・編集・閲覧</li><li> データモデルの定義、データの入力・編集・閲覧</li><li> イベント指定によるフロー制御</li></ul>
<p>また上述の全ての機能について、 Web インターフェースからのアクセスを前提とする。</p>
<p>これを実現するために、プラットフォーム側で通常は開発者が行うコンパイルや設定等といった作業を自動化し、またユーザが Web アプリケーションを作成する過程において対話式にて必要なコンポーネントを作成するようにナビゲートする。</p>
<p>開発結果として、上記の基本機能を有するプラットフォームを作成することが出来て、本開発期間内に特定非営利活動法人 Seasar ファウンデーションから、リリースを三回行った。また実例として、千葉PM配下のプロジェクトの成果報告会の申し込み受付サイトを本ツールによって作成した。</p>
<h2>
 開発内容　<a id="tg9c3ea0ec" class="anchor_super" href="#tg9c3ea0ec">&nbsp;</a>
</h2>
<blockquote>○本プロジェクトの開発内容について、開発機能の項目毎に、あるいは設計・実装・テスト・評価等の項目に分割し、どのような開発(or  取り組み)をしたのかとその結果などを図・表やサンプル画面なども付加して『詳細に記述』して下さい。○この「４．開発内容」で本プロジェクトの開発内容がわかり易く、かつ具体的に記述されていない場合は、成果報告書の修正をお願いする場合があります。</blockquote>
<h3>
 概要<a id="tg5b3328a5" class="anchor_super" href="#tg5b3328a5">&nbsp;</a>
</h3>
<p>簡単な説明。いろんなことが出来るよ。いろんなコンポーネントつかってるよ。</p>
<ul>
<li>アーキテクチャ図。</li><li>サービス図。</li></ul>
<h3>
 Tuigwaa Manager <a id="tg891cfb27" class="anchor_super" href="#tg891cfb27">&nbsp;</a>
</h3>
<p>Tuigwaa Manager は以下にあげるようなサイト管理やバックアップ、リストアなどの Tuigwaa システム全体に関わる設定や、情報の閲覧をする機能を有する。</p>
<p>Tuigwaa Manager を利用する為には以下の URL にアクセスをする。</p>
<pre>http://&lt;ホスト名&gt;/&lt;配備したコンテキスト名&gt;/tgw-manager/
</pre>
<h4>
 サイトの作成・編集<a id="tg24aef5ba" class="anchor_super" href="#tg24aef5ba">&nbsp;</a>
</h4>
<p>サイトの新規作成や、既存のサイトの設定を編集する機能で、以下の項目を設定する。</p>
<ul>
<li> 基本設定<dl>
<dt>タイトル</dt><dd>サイトの名前。サイトのヘッダ部に表示される。</dd><dt>サイトID</dt><dd>サイトのID。この値が Tuigwaa を配備したパスからの URL の一部となる。-は利用できない。また、編集の際にこの値の変更は出来ない。</dd><dt>サイトの説明</dt><dd>サイトの説明。サイトのヘッダ部に表示される。</dd><dt>ページ作成</dt><dd>サイトのページ編集モードでデフォルトで表示される編集モードを wiki かリッチ編集から選択する。</dd><dt>テーブル作成</dt><dd>サイトのテーブル作成で利用される編集モードを、実際のテーブルのカラム名を指定する標準モードか簡易モードから選択する。</dd></dl>
</li></ul>
<p>サイトを作成すると、自動的にサイト ID のスキーマがデータベース上に生成される。これにより各サイトで同一名のテーブルを持つ事を可能とする。</p>
<ul>
<li> セキュリティ設定<dl>
<dt>セキュリティ</dt><dd>セキュリティ保護を行うか否かの設定。</dd><dt>ロール</dt><dd>セキュリティ保護が有効な場合、そのサイトを利用可能なロールを設定する。</dd><dt>オプション</dt><dd>セキュリティ保護されたサイトで、未承認のユーザを閲覧可能とするかを指定する。</dd></dl>
</li></ul>
<ul>
<li> データベース設定<dl>
<dt>データベース</dt><dd>基本データベースか、外部データベースかを選択する。</dd><dt>名前</dt><dd>外部データベースを利用する場合、その名前を指定する。</dd><dt>スキーマ名</dt><dd>外部データベースを利用する場合、そのスキーマ名を指定する。</dd></dl>
</li></ul>
<h4>
 サイトのバックアップ・リストア<a id="tg24aef5bb" class="anchor_super" href="#tg24aef5bb">&nbsp;</a>
</h4>
<p>サイトの設定、コンテンツ、及びテーブルのデータをバックアップ、及びリストアする。バックアップは Tuigwaa の配備されたローカルディスク上にファイルの形で保存され、日付管理される。リストアの際には、そのバックアップの日付を選択しそのバックアップ時点でのサイト状態に復旧することが出来る。</p>
<p>バックアップ機能においては、添付ファイル領域、及びテーブルのカラムタイプが<strong>ファイル</strong>のデータは対象としない。また、バックアップデータは先述のように配備されたローカルディスク上に保存される為、Tuigwaa 自体を再配備した場合にはバックアップデータ自体が破棄される。</p>
<h4>
 サイトテンプレート機能<a id="tg24aef5bc" class="anchor_super" href="#tg24aef5bc">&nbsp;</a>
</h4>
<p>サイトテンプレート機能は、サイト単位にその設定、コンテンツ、テーブルデータをアーカイブ化する機能で、ある環境で作成した Tuigwaa サイトを、別の環境に移行するといった移行作業を容易に行うことが出来る。</p>
<p>サイトのデータをアーカイブ化し、ダウンロード及びアップロードする機能。ダウンロードの際にはバックアップ機能を用いて最新のデータを取得した後に、</p>
<pre>サイトID.tgwar
</pre>
<p>の形式でダウンロードを行う。</p>
<p>またアップロード機能では、ローカルシステムにある、tgwar ファイルをサイト上にアップロードする事によってアーカイブ化されたサイトを展開する事が出来る。</p>
<p>これを利用して、例えば「受付サイトテンプレート」といった形でこのサイトテンプレートを配信し、ユーザはそのデータ定義やコンテンツをカスタマイズすることで、ユーザ独自の「受付サイト」Webアプリケーションを簡単に作成することが出来る。</p>
<h4>
 外部データベースの追加<a id="tg24aef5bd" class="anchor_super" href="#tg24aef5bd">&nbsp;</a>
</h4>
<p>Tuigwaa の基本データベースとは別に外部で稼動しているデータベースを「外部データベース」として設定することにより、基本データベース上で作成したテーブルと同様に、外部の既存テーブルのデータを閲覧、編集、コンテンツ上での表示といったことが可能となる。</p>
<p>以下の項目を設定する。</p>
<dl>
<dt>説明</dt><dd>外部データベースの説明。この名前をサイト設定時に選択が可能となる。</dd><dt>ユーザ名</dt><dd>データベースへのアクセスユーザ名</dd><dt>パスワード</dt><dd>上記ユーザのパスワード</dd><dt>URL</dt><dd>JDBC のアクセス URL。</dd></dl>
<p>現状サポートする外部データベースは PostgreSQL と HSQLDB である。</p>
<h4>
 ユーザ、ロールの作成・編集<a id="tg24aef5be" class="anchor_super" href="#tg24aef5be">&nbsp;</a>
</h4>
<p>Tuigwaa 上で利用できるユーザやロールの追加・変更・削除が出来る。設定するのは、ユーザ名 (ロール名)、パスワード、説明の三項目である。</p>
<p>尚、組込みの LDAP サーバを利用する場合には、tuigwaa ユーザがデフォルトで設定され、このユーザが Tuigwaa Administrator として作成されており、このユーザを削除することは出来ない。</p>
<h4>
 各種情報の閲覧<a id="tg24aef5bf" class="anchor_super" href="#tg24aef5bf">&nbsp;</a>
</h4>
<p>Tuigwaa Manager のトップページでは、現在の Tuigwaa に対するセッション数、サイト数、登録ユーザ数、及び各サイトのコンテンツ数、テーブル数、セキュリティ保護の有無、データベースモードを閲覧できる。</p>
<p>また、システム状態では、動的に生成された各サイト用の Struts の設定を閲覧することが出来る。</p>
<h3>
 ページ<a id="tgfd86d971" class="anchor_super" href="#tgfd86d971">&nbsp;</a>
</h3>
<h4>
編集　<a id="tg9b14d213" class="anchor_super" href="#tg9b14d213">&nbsp;</a>
</h4>
<p>ページコンテンツの管理には以下の二つの編集モードが存在する。</p>
<dl>
<dt> Wiki 編集</dt><dd>Wiki スタイルでコンテンツを作成する。Wiki の文法は独自の解析エンジンにて処理され、一つのコンテンツから HTML/PDF/Text の三種類の形式で出力する事が可能である。また、見出し単位での編集が可能である。</dd><dt> リッチ編集 </dt><dd> WYSIWYG (What You See Is What You Get) にて、編集画面で作成したコンテンツがそのまま HTML 化される。見出し単位での編集は出来ない。</dd></dl>
<p>新規作成する場合には、そのページコンテンツを管理する編集モードを選択する事が可能であり、一度保存されたコンテンツは、それ移行は新規作成の際に選択した編集モードを変更することは不可能である。また、新規作成時のデフォルトの編集モードは Tuigwaa Manager のサイト設定にて変更することが可能である。</p>
<dl>
<dt>入力補助機能について</dt><dd>
<p>Tuigwaa の各種機能はプラグイン形式でコンテンツに含めることが出来る。その書式がプラグイン個々によって異なるために、プラグイン入力補助を編集画面に用意することにより、プラグインを容易に利用しやすくしている。</p>
</dd></dl>
<dl>
<dt>コンフリクトについて</dt><dd>
<p>同じページコンテンツを同一のタイミングで別の二人以上のユーザが編集した場合、バージョン管理機構により、より後に編集したユーザの保存画面に変更されたコンテンツが表示され、そのまま保存するか、さらに変更するかのチェックを促す。そのまま保存した場合には、変更は上書きされる。見出し編集をしている場合には、同一の見出し配下のコンテンツではない場合にはマージ処理がなされる。</p>
</dd></dl>
<h4>
 添付ファイル<a id="tg21809b0e" class="anchor_super" href="#tg21809b0e">&nbsp;</a>
</h4>
<p>ページに対してファイルを添付をすることができる。その添付ファイルをページ内から参照することが可能である。また添付されたファイルは WebDAV のレポジトリに追加されるため、WebDAV クライアントからその領域にアクセスする事が可能となる。</p>
<ul>
<li> WebDAV クライアントからのアクセス</li></ul>
<p>WebDAV クライアントからは以下の URL に対してアクセスを行う。</p>
<pre>http://&lt;ホスト名&gt;/&lt;配備したコンテキスト名&gt;/WEB-DAV/&lt;サイト名&gt;
</pre>
<p>このサイト名以下には添付したページのフォルダが作成されており、そのフォルダに対してファイルをコピーすることにより、上記の添付と同等の結果を得ることが出来る。</p>
<p>WebDAV クライアントを用いた場合には、サーバ上のファイルを直接編集することが可能となり、該当ファイルをサーバからダウンロードし、編集し、再度アップロードするといった作業を避ける事が出来る。</p>
<h4>
 履歴<a id="tgb28cb8c0" class="anchor_super" href="#tgb28cb8c0">&nbsp;</a>
</h4>
<p>ページの変更履歴を閲覧することが可能である。最新のコンテンツとの差分を表示することによって、どのユーザがどのような変更を加えたのかの確認をすることが出来る。</p>
<h4>
 RSS<a id="tgc4030e0" class="anchor_super" href="#tgc4030e0">&nbsp;</a>
</h4>
<p>ページの更新情報を RSS にて配信する機能。最新更新10件を配信している。形式は以下の三種類である。</p>
<ul>
<li>RSS 1.0</li><li>RSS 2.0</li><li>Atom 0.3</li></ul>
<p><a href="FireFox">FireFox</a> のライブブックマークのような機能を有するブラウザであれば自動的に RSS を認識することも可能である。</p>
<h4>
 ページ設定<a id="tg9b14d216" class="anchor_super" href="#tg9b14d216">&nbsp;</a>
</h4>
<p>ページに関して以下の設定を行う事が出来る。</p>
<dl>
<dt> ファイルタイプ </dt><dd> 隠しファイルか、通常のファイルかを選択できる。隠しファイルの場合、folderlist プラグインや、list プラグインでは表示されない。デフォルトは通常のファイル。</dd><dt> PDFスタイル </dt><dd>ページをPDF出力する際の設定で、ヘッダの有無、ページサイズ、縦平方向か、横方向かの選択を行う。デフォルトは「ヘッダ有り、A4、縦方向」。</dd><dt>ロック</dt><dd> ページをロックするか否かの選択。</dd><dt>メニューページ</dt><dd>このページを表示する際のレイアウト内のメニューページで表示するページ名を指定する。</dd><dt>右サイドページ</dt><dd>三段組スタイルを選択時に右側に表示されるページを指定する。</dd></dl>
<ul>
<li> ロックについて</li></ul>
<p>ロック機能を設定することによって、該当のページのコンテンツを変更出来ない状態にすることが可能である。</p>
<p>ロックには以下のルールがある。</p>
<ul>
<li> ロックされたページは明示的にロック解除されるまでは編集が出来ない。</li><li> 未承認のユーザはページをロック出来ない。</li><li> ページのロックの解除は、そのロックをしたユーザかもしくは、管理者権限を有するユーザに許可される。</li></ul>
<h3>
 データベース<a id="tgfd86d972" class="anchor_super" href="#tgfd86d972">&nbsp;</a>
</h3>
<h4>
 アーキテクチャ<a id="tgc74713fe" class="anchor_super" href="#tgc74713fe">&nbsp;</a>
</h4>
<p>Tuigwaa 上でブラウザからデータベースを編集する機能は、最新の Web アプリケーション開発手法を応用して実現しています。最新の Web アプリケーション開発手法とは、POJO というクラスを作成して、それに対応する入力フォーム、入力チェック、テーブル作成などを自動的に作成する方法です。Tuigwaa では、これをさらに進めて、ユーザがブラウザ上でデータモデルを定義して、それに対応する POJO を動的に作成して、その後、それに対応する入力フォーム、入力チェック、テーブルの作成など全て自動的に行っています。</p>
<p>実際に DB へアクセスするところは Hibernate というライブラリを利用しているため、Hibernate が対応している様々な種類の DB を Tuigwaa で使用することが可能となっています。</p>
<h4>
 テーブルの作成 <a id="tgfd86d973" class="anchor_super" href="#tgfd86d973">&nbsp;</a>
</h4>
<p>ブラウザからデータモデルを定義することによって、自動的に対応するテーブル、入力フォームが作成されます。定義するものは以下です。</p>
<ul>
<li> テーブルの表示名</li><li> テーブルの名前</li><li> テーブルの説明</li><li> 通常のカラムの設定</li><li> 特殊カラムの設定</li></ul>
<p>特殊カラムは次の 5つがあります。特殊カラムは対応するフォームは表示されず自動的にデータが挿入されます。</p>
<ul>
<li> 自動的にデータが挿入される特別なカラムとして以下の 5つがあります。</li><ul>
<li> ID (連番、ランダムなID　を選択できます。)</li><li> ID (連番、ランダムなID　を選択できます。)</li><li> レコード作成ユーザ (ユニークにすることが可能)</li><li> レコード更新ユーザ</li><li> レコード作成時間</li><li> レコード更新時間</li></ul>
</ul>
<p>作成したテーブルは、編集、削除も可能です。</p>
<h4>
 カラムの種類<a id="tgba3157bb" class="anchor_super" href="#tgba3157bb">&nbsp;</a>
</h4>
<p>Tuigwaa では、作成したカラムに対応して、入力フォームの種類、テーブルのカラムの型、Java 上の型、入力チェックの方法などが決まります。</p>
<table>
<thead>
<tr><td>
　
</td>
<td>
 対応するフィールド 
</td>
<td>
 対応する Java 
</td>
<td>
 対応する Hibernate 
</td>
<td>
 オプション
</td>
</tr></thead>
<tbody>
<tr><td>
文字列
</td>
<td>
テキストフィールド or テキストエリア
</td>
<td>
java.lang.String
</td>
<td>
string
</td>
<td>
通常の文字列,Eメール,短い文章,文章,Wikiの選択
</td>
</tr><tr><td>
整数
</td>
<td>
テキストフィールド
</td>
<td>
java.util.Integer
</td>
<td>
integer
</td>
<td>
　
</td>
</tr><tr><td>
小数
</td>
<td>
テキストフィールド
</td>
<td>
java.util.Float
</td>
<td>
float
</td>
<td>
　
</td>
</tr><tr><td>
日付
</td>
<td>
コンボボックス x 3
</td>
<td>
java.util.Date
</td>
<td>
date
</td>
<td>
　
</td>
</tr><tr><td>
2択
</td>
<td>
ラジオボタン
</td>
<td>
java.lang.Boolean
</td>
<td>
boolean
</td>
<td>
true, false のラベル作成
</td>
</tr><tr><td>
リストから文字列選択
</td>
<td>
コンボボックス or ラジオボタン
</td>
<td>
java.lang.String
</td>
<td>
string
</td>
<td>
選択するリスト作成
</td>
</tr><tr><td>
リストから整数選択
</td>
<td>
コンボボックス
</td>
<td>
java.lang.Integer
</td>
<td>
integer
</td>
<td>
最小値、最大値、間隔
</td>
</tr><tr><td>
リストから文字列複数選択
</td>
<td>
チェックボックス
</td>
<td>
java.util.Set
</td>
<td>
one-to-many
</td>
<td>
リストを作成
</td>
</tr><tr><td>
ファイル
</td>
<td>
ファイル挿入
</td>
<td>
byte[]
</td>
<td>
binary
</td>
<td>
　
</td>
</tr><tr><td>
関連データ
</td>
<td>
コンボボックス
</td>
<td>
参照するテーブルのクラス
</td>
<td>
many-to-one <br/>
 SQL 的には forein key 
</td>
<td>
 関連するテーブルを選択 
</td>
</tr><tr><td>
関連データのリスト
</td>
<td>
表示されない
</td>
<td>
java.util.Set
</td>
<td>
one-to-many
</td>
<td>
そのテーブルに既に関連付けられテーブルの中から選択
</td>
</tr><tr><td>
自己関連データ
</td>
<td>
コンボボックス
</td>
<td>
自分自身のクラス
</td>
<td>
many-to-one
</td>
<td>
　 
</td>
</tr><tr><td>
時刻
</td>
<td>
表示されない
</td>
<td>
java.util.Date
</td>
<td>
timestamp
</td>
<td>
　　
</td>
</tr></tbody>
</table>
<h4>
 関連データについて<a id="tg7528ec80" class="anchor_super" href="#tg7528ec80">&nbsp;</a>
</h4>
<p>Tuigwaa では関連データとして、テーブル同士を関連づけることができます。データベースで扱える全ての関連は扱えませんが、入力フォームと組み合わせることで以下の一般的なモデルを実現することができます。</p>
<ul>
<li> one-to-one<blockquote> 仮想的に実現することができます。実際にはテーブルは 1つですが、カスタムフォーム(後述)で、入力フォームを分けたら、one-to-one ように扱うことができます。</blockquote>
</li></ul>
<ul>
<li> many-to-one<blockquote> 実際に 2つのテーブルに外部キーで関連づけられます。入力フォームは関連データはコンボボックスとで参照先のデータを選択することができます。Tuigwaa 上ではテーブルのカラムは<strong>関連データ</strong>という名前で扱われます。</blockquote>
</li></ul>
<ul>
<li> one-to-many<blockquote> 後述のレコード指定ページと組み合わせることで one-to-many のモデルを扱うような入力画面わを作成することができます。 one 側を DELETE すると many も cascade で削除されます。Tuigwaa 上ではテーブルのカラムは<strong>関連データのリスト</strong>という名前で扱われます。</blockquote>
</li></ul>
<ul>
<li> many-to-many<blockquote> 3つのテーブルが many-to-one - one-to-many の組み合わせで関連付けられており、中間のテーブルが関連データ2つのみであれば、自動的に many-to-many と判断されます。入力フォームとしては、チェックボックスで複数のデータが選択可能となります。リストから文字列複数選択は Tuigwaa 内部的には many-to-many の概念を使っています。</blockquote>
</li></ul>
<h4>
 データの挿入、編集、削除<a id="tgd201e0f7" class="anchor_super" href="#tgd201e0f7">&nbsp;</a>
</h4>
<p>作成したテーブルにデータの挿入方法として以下の 2つがあります。</p>
<ul>
<li> 1 レコードに 1 つのフォームで編集</li><li> 複数のレコードを 1 つのフォームで一括編集</li></ul>
<p><strong>1レコード 1つのフォームで編集</strong></p><p>作成したテーブルに対応するフォームが自動で作られるため、そのフォームに入力することでデータを挿入することが可能です。また、データ入力後送信する前に自動的にブラウザで入力チェックが行われ、不正な値があれば送信は中断されます。</p>
<p>例えば、文字列でオプションとしてeメールを選んだカラムに対して、Eメール形式でないデータが入力されたときに不正とみなされます。</p>
<p><strong>複数のレコードを 1 つのフォームで一括編集</strong></p><p>データベースの内容をスプレッドシートのように編集することが可能です。TAB キーや十字キー押した時の動作も、通常のブラウザの動作と異なり、スプレッドシートの操作に近いものとなっています。また、通常テキストエリアを表示する場所もテキストフィールドを表示して一括で編集しやすくしています。</p>
<p>特徴的な機能としては</p>
<ul>
<li> 変更したセルを含む行のみデータベースでアップデートします。</li><li> 複数のユーザが同じテーブルを編集する場合、自分が編集したセルが自動的に相手に伝わり、相手のそのセルは赤くなります。 (Ajax 使用)。</li><li> 入力チェックはサーバ側で行われます。</li></ul>
<h4>
 テーブル、データに対する操作<a id="tg94eaaa50" class="anchor_super" href="#tg94eaaa50">&nbsp;</a>
</h4>
<p>作成したテーブル、入力したデータに対して様々な操作を行うことが可能です。</p>
<p><strong>フィルタ</strong></p><p>様々な条件を指定してデータを絞り込むことが可能です。また、最大件数、カラム選択、表示順序などを指定することも可能です。条件とは、フィルタ対象とするカラムの選択、検索方法の指定、値の指定でその条件を組み合わせてフィルタを作成します。</p>
<p>検索方法とその検索方法が使えるカラムの種類は以下の通りです。</p>
<table>
<thead>
<tr><td>
 検索方法 
</td>
<td>
 カラムの種類 
</td>
</tr></thead>
<tbody>
<tr><td>
 一致する 
</td>
<td>
 全ての種類のカラム 
</td>
</tr><tr><td>
 異なる 
</td>
<td>
 全ての種類のカラム 
</td>
</tr><tr><td>
 値以上である 
</td>
<td>
 整数、小数、リストから整数選択
</td>
</tr><tr><td>
 値より大きい 
</td>
<td>
 整数、小数、リストから整数選択
</td>
</tr><tr><td>
 値以下である 
</td>
<td>
 整数、小数、リストから整数選択
</td>
</tr><tr><td>
 値より小さい 
</td>
<td>
 整数、小数、リストから整数選択
</td>
</tr><tr><td>
 前方一致する 
</td>
<td>
 文字列、2択、リストから文字列選択、リストから文字列複数選択
</td>
</tr><tr><td>
 後方一致する 
</td>
<td>
 文字列、2択、リストから文字列選択、リストから文字列複数選択
</td>
</tr><tr><td>
 含む 
</td>
<td>
 文字列、2択、リストから文字列選択、リストから文字列複数選択 
</td>
</tr><tr><td>
 期間である 
</td>
<td>
 日付型 
</td>
</tr><tr><td>
 指定と一致する 
</td>
<td>
 日付型 
</td>
</tr><tr><td>
 アクセスしたユーザ名と一致する 
</td>
<td>
文字列、2択、リストから文字列選択、リストから文字列複数選択 
</td>
</tr></tbody>
</table>
<p>関連データの検索は、関連データの型に依存します。</p>
<p>※ SQL では where 句を実行しています。</p>
<p><strong>集計表</strong></p><p>集約関数を用いて、1 次元の表、2 次元の集計表を作成することが可能です。作成した集計表は、またグラフプラグインと組み合わせることによって</p>
<p>※ SQL では、 group by を実行しています。</p>
<p><strong>集計値</strong></p><p>フィルタの指定と集約関数を使って値を作成します。</p>
<p>(例) AAA という条件を満たすレコードの行数など</p>
<p><strong>カスタムフォーム</strong></p><p>テーブルに対して全てのカラムを挿入、編集するフォームではなく、一部分を挿入、編集するフォームを作成することが可能である。</p>
<ul>
<li> 表示しないカラムに対しては、挿入するデータをあらかじめ決めておく可能です。</li><li> 更新専用にすることも可能です。</li></ul>
<p><strong>検索フォーム</strong></p><p>検索対象のカラムとその条件を定義すると、それに対応するフォームが作成されます。入力した値に基づいて検索されます。詳細は後述。</p>
<p><strong>更新ルール</strong></p><p>テーブルのデータをどのように変更するか設定することが可能です。詳細はロジックの章に記述。</p>
<h4>
 テーブル新規レコードの RSS<a id="tgc4030e1" class="anchor_super" href="#tgc4030e1">&nbsp;</a>
</h4>
<p>テーブルに新規レコードが追加、編集があった場合に RSS で知らせることが可能です。どのような条件のレコードが追加されれば RSS で知らせるかは Tuigwaa のWebDB のフィル多機能を使って作成可能です。RSS 用の URL は、tablefeed プラグインを作成します。</p>
<ol>
<li> RSS として取得したい情報のフィルタを作成してください。(例)最新更新を降順で20件</li><li> レコードに対応したページを作成してください</li><li> tablefeed(ページ名、テーブル名、フィルタ名) で URL が作成できます。</li></ol>
<h3>
 ページとデータベースの連動<a id="tgc09d638d" class="anchor_super" href="#tgc09d638d">&nbsp;</a>
</h3>
<p>ページとデータベースを連動することで Tuigwaa (小鳥)が飛べます。</p>
<p>Tuigwaa 内で作成されるページには 2種類に分けることができます。</p>
<ul>
<li> 通常のページ</li><li> レコード指定のページ</li></ul>
<p>通常のページでも、データベース機能で作成した様々なデータを挿入することが可能ですが、より高度な機能を作成したければレコード指定のページが必要です。</p>
<h4>
 通常のページ<a id="tg5abe56a0" class="anchor_super" href="#tg5abe56a0">&nbsp;</a>
</h4>
<p>通常のページにはデータベース機能で作成した様々なデータを挿入することが可能です。</p>
<p><strong> テーブルの挿入 </strong></p><p>table プラグインで、テーブルを挿入可能です。プラグイン入力補助機能を使ってテーブルを選択するのみで可能です。フィルタまたは集計表を選択すると指定された条件のデータを表示することが可能です。</p>
<p><strong> 集計値の挿入 </strong> </p>
<p>value プラグインで、挿入可能です。出力されるデータは数字であるため、文中などにも挿入可能です。</p>
<p><strong> グラフの挿入 </strong></p><p>graph プラグインで、集計表に対してはグラフを作成することが可能です。以下の種類が選ぶことが可能です。</p>
<ul>
<li> 棒グラフ</li><li> 折れ線グラフ</li><li> 円グラフ (2次元の表には使うことができません)</li></ul>
<p><strong>フォームの挿入</strong></p><p>form プラグインで、データを入力するためのフォームを挿入することが可能です。また edittable とカスタムフォームを組み合わせることで、特定のカラムの一括編集が可能です。</p>
<h4>
 レコード指定ページ<a id="tg5abe56a1" class="anchor_super" href="#tg5abe56a1">&nbsp;</a>
</h4>
<blockquote> data プラグインと form プラグインの説明</blockquote>
<p>レコード指定ページとはあるテーブルの特定レコードと結びついたページのことを指します。それによって、テーブル全体の内容だけではなく、特定レコードの情報をページ内に表示するなどが可能です。レコード指定ページを使うとできることとして以下の機能があります。</p>
<ol>
<li> レコードの詳細ページを作成することが可能です。</li><li> レコードの編集ページを作成することが可能です。</li><li> 関連データ機能と組み合わせることで、通常とは異なったデータ入力が可能となります。(詳細は後述)</li><li> 更新ルール、ロジックと組み合わせることで、レコード指定ページにアクセスしたときに、特定レコードを定義されたルールで更新することが可能です。(詳細はロジックの章で記述)</li><li> レコードの詳細ページ並べて表示することが可能です。</li></ol>
<p><strong>レコードの詳細ページについて</strong></p><p>レコード指定ページでは、data プラグインを使って、そのレコードの項目を任意の位置に表示することが可能です。例えば名簿の 山田小鳥 さんというレコード指定されたページを以下のように編集すると変換されて出力します。</p>
<p>ページ編集</p>
<pre>&amp;data(名簿,苗字); さん
あなたの名前は &amp; data(名簿,名前); さんですね。
</pre>
<p>表示</p>
<pre>山田 さん
あなたの名前は小鳥さんですね。
</pre>
<p>となります。</p>
<p><strong>レコードの編集ページについて</strong></p><p>レコード指定ページで、そのテーブルに対応するフォームを挿入すると自動的にフォームにそのレコードのデータがセットされ、編集することが可能となります。カスタムフォームなどを使うと、そのレコードの一部分のみの編集などが可能となります。</p>
<p><strong>レコード詳細ページを並べて表示することついて</strong></p><p>table プラグインでは複数のレコードを表として表示しますが、datalist プラグインでは 1つ1つのレコードをレコード詳細ページの形式で表示することが可能です。掲示板などで使うことが可能です。</p>
<h4>
 レコード指定ページ作成のナビゲーション<a id="tg22aed215" class="anchor_super" href="#tg22aed215">&nbsp;</a>
</h4>
<p>レコード指定ページは URL で表すと以下のようになります。</p>
<blockquote> Tuigwaa の URL/top.do?_pageName_=(ページ名)_ENTITY.(テーブル名)_=(ID)</blockquote>
<p>このような URL を手動では書かず、以下の方法で URL の生成または飛ぶことが可能です。</p>
<dl>
<dt>table プラグインのアクションからのリンク</dt><dd>table プラグインの引数でアクションを設定すると、それぞれの行の一番右のカラムにレコード指定ページへのリンクが表示されています。</dd><dt>form プラグインからのデータ入力直後</dt><dd>form でデータを入力した直後は入力したレコードの指定ページとなっています</dd><dt>レコード指定ページで、 datalink プラグインで作られたリンク</dt><dd>レコード指定ページの中で同じレコードを指定したページへのリンクが可能です。これにより、レコード一覧ページ  からレコード詳細ページへ、さらにそのレコードの編集などの流れを作ることが可能です。</dd><dt>レコード指定ページで、fklink プラグインで作られたリンク</dt><dd>レコード指定ページの中で、関連データのレコード指定ページが可能となります。</dd></dl>
<p>レコード指定ページを先に作ってから上記機能で生成されるリンクから飛ぶ方法もありますが、以下のような対話型式に従って簡単に作ることが可能です。</p>
<ol>
<li> レコード指定ページのリンクから飛ぶ</li><li> レコード指定ページが存在しなければ作成しますかと問われる</li><li> 作成するを選ぶとレコード指定ページの作成画面が現れ、その画面にはレコードデータを入力する補助機能がついている</li></ol>
<p>レコード指定ページに、レコードが指定されていない状態で飛ぶと  data (...); と表示されて、意味が通じないページとなってしまいます。このような状況を避けるためにレコード指定ページを隠しページにすることが推奨されます。</p>
<h4>
 レコード指定ページと関連データ機能 <a id="tg5abe56a2" class="anchor_super" href="#tg5abe56a2">&nbsp;</a>
</h4>
<p>レコード指定ページと関連データ機能を組み合わせることでさらに複雑なことが可能となります。</p>
<p>説明のために具体的な例をあげます。</p>
<ul>
<li> テーブル.A には、テーブル.B への関連データのリストというカラム</li><li> テーブル.B には、テーブル.A への関連データというカラム</li></ul>
<p>が存在するととします。つまり、テーブル.B がテーブル.A を参照しています。</p>
<p>ここで、テーブル A のレコード指定のページがあるとします。そのページ上でテーブル B に対するform プラグインと datalist プラグインは特別な意味を持ちます。</p>
<p><strong>form プラグイン</strong></p><p>通常テーブル.A への関連データというカラムの入力としてコンボボックスが表示されるが、ここでは指定されたテーブル.A のレコードが自動的に設定されます。</p>
<p><strong>datalist プラグイン</strong></p><p>通常フィルタを指定しなければテーブル.B の全てのレコードが表示されるが、ここでは指定されたテーブル.A のレコードに関連したレコードのみが表示されます。</p>
<p>これらの機能を使うことによって、one-to-many のデータを入力、表示が簡単に行うことができます。</p>
<h3>
 ロジック<a id="tgc09d638e" class="anchor_super" href="#tgc09d638e">&nbsp;</a>
</h3>
<p>Tuigwaa では、イベント駆動で、条件を満たせば、特定のアクションを実行することが可能です。</p>
<h4>
 アーキテクチャ<a id="tgaad5033a" class="anchor_super" href="#tgaad5033a">&nbsp;</a>
</h4>
<p>Tuigwaa の本来の動きと違うことをするために Seasar AOP の技術を使用しています。ページ閲覧時、レコード挿入時に Method Interceptor を使って通常の動きとは違いユーザが関心のある動作を行えるようになっています。</p>
<p>今後、Method Interceptor を挿入するポイントは増える予定です。</p>
<h4>
 ロジックの詳細<a id="tgaad5033b" class="anchor_super" href="#tgaad5033b">&nbsp;</a>
</h4>
<p>アクションを実行するためのイベントとして以下があります。</p>
<ul>
<li> ページにアクセスしたとき</li><li> テーブルにデータが追加される前</li><li> テーブルにデータが追加された後</li><li> カスタムフォームからデータが追加される前</li><li> カスタムフォームからデータが追加された後</li></ul>
<p>条件としては以下があります。</p>
<ul>
<li> 何時でも</li><li> 集計値 </li></ul>
<p>指定できるアクションとしては以下があります。</p>
<ul>
<li> 別のページに移動する</li><li> 次の表の指定された行を削除する</li><li> 指定された行に対して次の更新ルールを実行する</li><li> 入力されたデータの Email 項目に対して、ページをメールで送信する </li></ul>
<h3>
 セキュリティ<a id="tg891cfb28" class="anchor_super" href="#tg891cfb28">&nbsp;</a>
</h3>
<p>Tuigwaa では、LDAP ベースで認証して、コンテンツやアクションに対して様々な権限を設定することができます。また、認証機能として、ユーザ毎に違ったデータを表示することが可能となっています。</p>
<h4>
 認証<a id="tg891cfb29" class="anchor_super" href="#tg891cfb29">&nbsp;</a>
</h4>
<p>Tuigwaa の認証は LDAP で一元管理されています。デフォルトでは同梱の Java 製 LDAP サーバ Apache DS が使われます。同梱の ApacheDS が使われる場合は、 Tuigwaa が Apache DS を同じ JVM 上で自動的に起動します。設定ファイルを変更することによって、既存の LDAP サーバーを指定することも可能です。</p>
<p>Tuigwaa 上で必要となるユーザとロールの作成や編集が Tuigwaa Manager から可能です。(既存の LDAP を使う場合は設定が必要)</p>
<h4>
 承認<a id="tg891cfb2a" class="anchor_super" href="#tg891cfb2a">&nbsp;</a>
</h4>
<p>Tuigwaa では、ロールベースで以下のアクセス権限を設定できます。</p>
<ol>
<li> サイトに対するアクセス権限</li><li> サイト内でのアクションに対するアクセス権限</li><li> フォルダに対するアクセス権限</li></ol>
<p>サイトに対するアクセス権限は Tuigwaa Manager で設定して、残りのセキュリティはサイト内で設定します。Tuigwaa のロールベースでは、1人のユーザが複数のロールを持っていた場合、どれか一つのロールが権限をクリアすればその動作を実行することが可能です。</p>
<ul>
<li> サイトに対するアクセス権限<a id="tgbaa98a98" class="anchor_super" href="#tgbaa98a98">&nbsp;</a></li></ul>
<p>これは、Tuigwaa Manager のサイトの新規作成または編集で設定します。セキュリティ設定の<strong>制限つきのサイト</strong>というラジオボタンにチェックすることで有効となります。そのサイト内にアクセスできるロールにチェックします。サイト内で様々なセキュリティ設定をするときにも使用します。</p>
<p>例えば、インターネットに公開するような場合では、<strong>制限つきのサイト</strong>で<strong>未認証の人も一部ページを見ることが可能</strong> としておけばよいでしょう。このようにすることで、認証なしでサイト閲覧可能だが、データベースの編集はできなかったり、あるフォルダの中身を閲覧不可能とすることが可能です。</p>
<p>(注) Tuigwaa Manager でサイトの編集を行うと、サイト内で設定したセキュリティ情報は全て初期化されます。</p>
<ul>
<li> サイト内でのアクションに対するアクセス権限<a id="tgbaa98a99" class="anchor_super" href="#tgbaa98a99">&nbsp;</a></li></ul>
<p>セキュリティつきサイトで設定した場合、サイト内のメニューバーに <strong>設定-&gt;セキュリティ</strong> が表示されているはずです。そこで、以下のアクションに対して、それぞれのロールが何を実行できるか設定できます。</p>
<ul>
<li> データベース情報閲覧       </li><li> データベース変更       </li><li> ページ閲覧       </li><li> ページ変更       </li><li> サイト管理 (ロジックの作成、編集も含む)      </li></ul>
<p>アクションに対するセキュリティを設定することによって、アクセスしたロールによってメニューバーのメニューが変わってきます。</p>
<p>[unauthenticated] は未認証を表します。<strong>未認証の人が閲覧できるセキュリティつきサイト</strong> の場合は、初期化時は未認証の人はページ閲覧のみとなっています。</p>
<ul>
<li> フォルダに対するアクセス権限<a id="tgbaa98a9a" class="anchor_super" href="#tgbaa98a9a">&nbsp;</a></li></ul>
<p>どのロールがどのフォルダにアクセスできるかを指定できます。メニューバーの<strong>設定-&gt;フォルダ管理</strong> でフォルダ一覧を表示したときにセキュリティつきのサイトであれば、フォルダの右に'セキュリティ'というリンクがあるはずです。そこをクリックすれば、ポップアップが表示されて、どのロールがそのフォルダにアクセスできるを設定できます。そこに表示されるロール一覧は、サイトのセキュリティ設定で指定したロールです。</p>
<p>例えば、インターネットに公開しているサイトを作成している場合は、「管理フォルダ」を作成して、ユーザに見られたくないページをそのフォルダ内に作ります。そして、そのフォルダは admin ロールしかアクセスできないようにしておくと、未認証の人がアクセスできるページと、セキュリティがかかったページを 1つのサイト内に作成することも可能です。</p>
<h4>
 添付ファイルのセキュリティについて<a id="tg94c0e7fa" class="anchor_super" href="#tg94c0e7fa">&nbsp;</a>
</h4>
<p>アップロードファイルのセキュリティは少し複雑です。セキュリティの概念としてファイルへのアクセス手段に対するアクセス権限と、ファイル自身のアクセス権限があります。ファイルへのアクセス手段としては、サイト内からのアクセスと、WebDAV からのアクセスという 2つがあります。それぞれのアクセス方法でアクセス可能であっても、ファイル自身のアクセス権限がなければ、アクセスできません。それぞれのアクセス権限は以下になります。</p>
<table>
<tbody>
<tr><td>
WebDAV からのアクセス権限 (閲覧)
</td>
<td>
 未認証ユーザが閲覧可能なサイトでも認証が必要。認証していればどのロールでもアクセス可能。
</td>
</tr><tr><td>
WebDAV からのアクセス権限　(編集)
</td>
<td>
 閲覧の場合と同じ
</td>
</tr><tr><td>
サイト内からのアクセス権限　(閲覧)
</td>
<td>
 サイト管理の閲覧権限をもつユーザがアクセス可能
</td>
</tr><tr><td>
サイト内からのアクセス権限　(編集)
</td>
<td>
 サイト管理のアクション権限をもつユーザがアクセス可能。 
</td>
</tr><tr><td>
ファイル自身のアクセス権限
</td>
<td>
 サイトで使われるロールのみアクセス可能 
</td>
</tr></tbody>
</table>
<h4>
 その他の機能<a id="tgfd86d974" class="anchor_super" href="#tgfd86d974">&nbsp;</a>
</h4>
<p><strong>ページの作成者、閲覧者の記録</strong></p><p>誰がどのページを作成して、誰が編集したかなどが分かるようになっています。</p>
<p><strong>セキュリティリンク</strong></p><p>Tuigwaa 上ではアクセス権限のないドキュメントやアクションに対するリンクは表示しないという</p>
<p><strong>TuigwaaDB とセキュリティ連携</strong></p><p>例えば認証とTuigwaaDBの連携などもできます。例えば</p>
<h3>
 サイト設定<a id="tgcdc4cc8a" class="anchor_super" href="#tgcdc4cc8a">&nbsp;</a>
</h3>
<p>サイト設定では、サイト毎にその配下のフォルダ管理やデザインの設定を行う事が出来る。</p>
<h4>
 フォルダ管理<a id="tg406b562f" class="anchor_super" href="#tg406b562f">&nbsp;</a>
</h4>
<ul>
<li> フォルダの作成機能<p>指定の名前でフォルダを作成出来る。</p>
</li><li> フォルダ・ファイル操作<p>各フォルダ・ファイルの名前の変更や移動、削除を行う事が出来る。また、フォルダの場合にはそのフォルダ以下のコンテンツを閲覧できるロールを指定することも可能である。</p>
</li></ul>
<h4>
 デザイン<a id="tg406b562e" class="anchor_super" href="#tg406b562e">&nbsp;</a>
</h4>
<p>デザイン設定ではサイトのロゴファイルのアップロードやレイアウト指定などの設定を行う事が出来る。</p>
<dl>
<dt>サイトロゴ</dt><dd>サイトロゴをアップロードする。ロゴファイルはサイトのヘッダ部に表示される。</dd><dt>サイトカラー</dt><dd>ベーシック (デフォルト)、オレンジ、グリーンからサイトのベースカラーを選択できる。</dd><dt>ページスタイル</dt><dd>ページのレイアウトを選択できる。選択できるのは、二段組 [左:メニュー/右:コンテンツタイプ] 、二段組 [左:コンテンツ/右:メニュータイプ] 、三段組の三種類。</dd><dt>メニューページ</dt><dd>このページを表示する際のレイアウト内のメニューページで表示するページ名を指定する。</dd><dt>右サイドページ</dt><dd>三段組スタイルを選択時に右側に表示されるページを指定する。</dd></dl>
<h3>
 プラグイン <a id="tg891cfb2b" class="anchor_super" href="#tg891cfb2b">&nbsp;</a>
</h3>
<p>前述したように、コンテンツからデータベースの内容を表示したり、様々な処理を行うのに、プラグインが用いられる。プラグインは、表示処理以外に、直接 URL による指定でその処理を行うものもある。以下にプラグインの一覧を示す。</p>
<table>
<thead>
<tr><td>
プラグイン名
</td>
<td>
カテゴリ
</td>
<td>
機能概略
</td>
</tr></thead>
<tbody>
<tr><td>
table
</td>
<td>
基本データベース
</td>
<td>
テーブルや集計表の内容を表形式で出力する。フィルタの指定も可能。
</td>
</tr><tr><td>
edittable
</td>
<td>
拡張データベース
</td>
<td>
テーブル内容の一括編集を行う。カスタムフォームと合わせて利用することを推奨。
</td>
</tr><tr><td>
sresult
</td>
<td>
基本データベース
</td>
<td>
検索フォームの結果を表示する。
</td>
</tr><tr><td>
form
</td>
<td>
基本データベース
</td>
<td>
テーブルの全カラムのデータを入力するフォームを表示する。
</td>
</tr><tr><td>
cform
</td>
<td>
基本データベース
</td>
<td>
カスタムフォームを表示する。
</td>
</tr><tr><td>
sform
</td>
<td>
基本データベース
</td>
<td>
検索フォームを表示する。
</td>
</tr><tr><td>
data
</td>
<td>
基本データベース
</td>
<td>
テーブルのレコードの各カラムのデータを指定して表示する。
</td>
</tr><tr><td>
datalink
</td>
<td>
拡張データベース
</td>
<td/>
</tr><tr><td>
fklink
</td>
<td>
拡張データベース
</td>
<td/>
</tr><tr><td>
value
</td>
<td>
集計関連
</td>
<td>
集計値を表示する
</td>
</tr><tr><td>
datalist
</td>
<td>
拡張データベース
</td>
<td>
レコード詳細ページを並べて表示する。
</td>
</tr><tr><td>
graph
</td>
<td>
集計関連
</td>
<td>
集計表からグラフを生成する。
</td>
</tr><tr><td>
excellink
</td>
<td>
集計関連
</td>
<td>
テーブルのデータからエクセルデータを生成する。
</td>
</tr><tr><td>
include
</td>
<td>
特殊
</td>
<td>
指定されたページのコンテンツを表示する。
</td>
</tr><tr><td>
calendar_viewer
</td>
<td>
Blog
</td>
<td>
指定されたカレンダーの内容を一覧表示する。
</td>
</tr><tr><td>
trackback
</td>
<td>
Blog
</td>
<td>
トラックバックURLの表示と、トラックバックピング受付時の処理を行う。
</td>
</tr><tr><td>
comment
</td>
<td>
Blog
</td>
<td>
コメント入力フォームの表示と、コメント入力処理を行う。
</td>
</tr><tr><td>
webalbum
</td>
<td>
添付ファイル
</td>
<td>
ページに添付されたデータから画像データを認識し、サムネイルの生成処理及び表示を行う
</td>
</tr><tr><td>
gmap
</td>
<td>
特殊
</td>
<td>
Google Map を表示する
</td>
</tr><tr><td>
email
</td>
<td>
特殊
</td>
<td>
email の送信フォームを表示と、メール送信処理を行う
</td>
</tr><tr><td>
tablefeed
</td>
<td>
拡張データベース
</td>
<td>
テーブルの更新情報の RSS を生成する。
</td>
</tr><tr><td>
counter
</td>
<td>
特殊
</td>
<td>
そのページに対するカウンターの表示と、カウント処理を行う。
</td>
</tr><tr><td>
ref
</td>
<td>
特殊
</td>
<td>
添付ファイルや、URL に対するリンクを表示する。
</td>
</tr><tr><td>
br
</td>
<td>
特殊
</td>
<td>
改行を表示する。
</td>
</tr><tr><td>
page
</td>
<td>
特殊
</td>
<td>
ページ名を表示する。
</td>
</tr><tr><td>
fpage
</td>
<td>
特殊
</td>
<td>
ページの絶対パスを表示する。
</td>
</tr><tr><td>
pageinfo
</td>
<td>
特殊
</td>
<td>
ページのバージョン情報、更新日時、更新ユーザ、作成日時、作成ユーザを表示する。
</td>
</tr><tr><td>
contents
</td>
<td>
特殊
</td>
<td>
目次を表示する。
</td>
</tr><tr><td>
recent
</td>
<td>
特殊
</td>
<td>
最新更新ページ名を表示する。
</td>
</tr><tr><td>
clear
</td>
<td>
特殊
</td>
<td>
スタイルシートの float をクリアする。
</td>
</tr><tr><td>
folderlist
</td>
<td>
特殊
</td>
<td>
指定されたフォルダ以下のファイルを表示する。
</td>
</tr><tr><td>
list
</td>
<td>
特殊
</td>
<td>
現在のページのフォルダ以下のファイルを表示する。
</td>
</tr><tr><td>
navi
</td>
<td>
特殊
</td>
<td>
<a href="DocBook">DocBook</a> 風のナビゲーションを表示する。
</td>
</tr><tr><td>
calendar
</td>
<td>
Blog
</td>
<td>
カレンダーを表示する。
</td>
</tr><tr><td>
rssreader
</td>
<td>
Blog
</td>
<td>
指定した RSS feed の内容を表示する。
</td>
</tr><tr><td>
newpage
</td>
<td>
特殊
</td>
<td>
印刷時にその位置で改ページを行う。
</td>
</tr><tr><td>
color
</td>
<td>
標準
</td>
<td>
子要素を指定した色にて表示する。
</td>
</tr><tr><td>
size
</td>
<td>
標準
</td>
<td>
子要素を指定したサイズにて表示する。
</td>
</tr><tr><td>
date
</td>
<td>
特殊
</td>
<td>
現在日付を表示する。
</td>
</tr><tr><td>
time
</td>
<td>
特殊
</td>
<td>
現在時間を表示する。
</td>
</tr><tr><td>
now
</td>
<td>
特殊
</td>
<td>
現在日時を表示する。
</td>
</tr><tr><td>
lastmod
</td>
<td>
特殊
</td>
<td>
最終更新日時を表示する。
</td>
</tr><tr><td>
calc
</td>
<td>
標準
</td>
<td>
四則演算の結果を表示する。
</td>
</tr></tbody>
</table>
<h2>
 開発成果の特徴<a id="tg9c3ea0f0" class="anchor_super" href="#tg9c3ea0f0">&nbsp;</a>
</h2>
<blockquote>○開発成果のアピールポイント・特徴をわかり易く簡潔にまとめて下さい。○既存の技術や製品と比較することが可能であれば、既存の技術・製品と開発成果とを対比させて記述して下さい。</blockquote>
<p>本ツールの特徴としては、このツール上で以下の機能をワンストップで実現しており、それを連携させる事が出来る点である。</p>
<ul>
<li> コンテンツ (文書) の作成・編集・閲覧</li><li> データモデルの定義、データの入力・編集・閲覧</li><li> イベント指定によるフロー制御</li></ul>
<p>これらの中でコンテンツ管理を主眼とする CMS と比較すると、「受付サイト機能」などといったコンテンツ管理外の機能についてはモジュールといった形で提供している物がある。本ツールでは上述の三つの機能を連携させる事により、そのモジュール機能自体を作成することが可能であり、その点において拡張性は高いと考えられる。</p>
<p>またデータ管理を主眼とする WebDB と比較すると、そのデータの表示方式は定型化されているものが多い。本ツールでは、データの表示については、コンテンツの中の任意の位置に表示することが可能であり、またそのデータを入力する部分もコンテンツ自体に含めることが可能である。</p>
<p>開発フレームワークと比較すると、本ツールは機能面での拡張性については若干劣る部分もあるが、簡易なものを実現するために必要とする知識や環境は圧倒的に少ない。</p>
<h2>
 今後の課題、展望<a id="tg9c3ea0f1" class="anchor_super" href="#tg9c3ea0f1">&nbsp;</a>
</h2>
<blockquote>○本開発後に残っている課題とその課題に対する今後の取り組み、および開発成果の普及や実用化に関する予定や計画について記述してください。</blockquote>
<p>開発後の課題は、機能開発を中心に行ってきたため、長期運用時の安定化、パフォーマンスといった点にある。また、現在はオープンソースとして GPL にて本ツールを配布しているが、ビジネスとして利用する際にも扱いやすいライセンス体制を検討する必要がある。</p>
<p>課題に対する取り組みとしては、本ツールの開発者両名が後述の株式会社四次元データの技術研究員として招かれることとなっており、そこで継続的に開発を行う。同様にライセンス体制についても、ビジネスも考慮した形で扱いやすい仕組みを導入する。</p>
<p>今後の普及や実用化に関しては、XOOPS 等のオープンソース CMS の導入実績などを多数持つ株式会社四次元データから、実案件に対して本ツールをご提案頂ける事となっている。同様に、株式会社四次元データが運営している TECHSCORE (http://www.techscore.com/)という Web サイト (月間100万ページビュー程) にて紹介して頂ける事が決定しており、オープンソースの強みを生かして、ユーザに直接触れてもらいやすいような情報を提供していく。また、本ツールをユーザが直接体験出来るようなデモサイトを立ち上げる。</p>
<p>まとめると、以下のような三つの方向性を連携させた形で普及への施策とする。</p>
<ul>
<li> ビジネス展開</li><ul>
<li> 案件で導入することにより、ビジネス上で体験してもらう</li></ul>
<li> オープンソース展開</li><ul>
<li> 技術情報や利用情報を紹介し、技術系のユーザに体験してもらう</li></ul>
<li> デモサイト</li><ul>
<li> デモサイトにて、実際に本ツールを導入する立場にはいない側のユーザに体験してもらう</li></ul>
</ul>
<h2>
 実施計画書内容との相違点<a id="tg9c3ea0f2" class="anchor_super" href="#tg9c3ea0f2">&nbsp;</a>
</h2>
<blockquote>○本プロジェクト終了後の開発結果について、実施計画書に記載の開発内容と比較して、計画より進んだ部分、計画通りに進まなかった部分、あるいは変更箇所について記述して下さい。○実施計画書と相違がない場合は、『実施計画書内容と相違なし』と記載して下さい。</blockquote>
<p>実施計画書に記載した機能は全て実装した。さらに相違点としては、中間報告会にて、ページ編集や、データ編集、作成のインターフェースが難解であるという指摘に対して以下の機能を追加した。</p>
<ul>
<li> WYSIWYG にてページ編集を行える機能</li><li> スプレッドシートスタイルでデータ入力を行える機能</li><li> サイトテンプレート機能</li></ul>
<p>スケジュールの相違点として、開発スケジュールはスケジュールはやや前倒しで進行し、二度のリリース予定に対して、実際には開発期間中に三度のリリースを行った。リリース時期は以下の通りである。</p>
<ul>
<li> リリース1 (2005年11月5日) [予定では2005年10月末]</li><li> リリース2 (2005年11月30日)[予定では2006年2月末]</li><li> リリース3 (2006年1月24日)</li></ul>
<h2>
 開発分担（該当者のみ記述）<a id="tg9c3ea0f3" class="anchor_super" href="#tg9c3ea0f3">&nbsp;</a>
</h2>
<blockquote>○共同開発者および外注先やアルバイト雇用がある場合は、本プロジェクトの開発において誰が何を担当あるいは何を実施したのか、その開発分担を記述して下さい。</blockquote>
<p>全体の設計、実装、テストの全てのフェーズにおいて両名にて作業を実施した。また各機能に関しては、実装については主に以下のような割り振りで開発をリードした。但し、全機能について厳密な役割分担を行ったわけではない。</p>
<p>西岡悠平 [データベース、ページとデータベースの連動、ロジック、セキュリティ]<br/>染田貴志 [Tuigwaa Manager、ページ、サイト設定、プラグイン]</p>
<h2>
 秘匿ノウハウの指定（該当者のみ記述）<a id="tg9c3ea0f4" class="anchor_super" href="#tg9c3ea0f4">&nbsp;</a>
</h2>
<blockquote>この成果報告書（本報告書）に記載された内容の中に秘匿すべきノウハウに該当するものがある場合は、その該当範囲とその理由を記述して下さい。該当範囲は、「４．２□□□□□」等のように、本成果報告書の該当部分の項番を含めて具体的に記述して下さい。（範囲不明確な場合は、指定対象外とします。）　(例) ４．２　□□□□□　の項が秘匿ノウハウ理由：上記部分の特許出願を予定しているため（○○年○月頃出願予定）上記で指定された秘匿ノウハウの取扱いについては、ＩＰＡと開発者間で別途協議の上、秘匿期間を含めた取扱い詳細を決定させていただきます。また、各ＰＭに各プロジェクトの開発内容や評価結果をまとめていただいて未踏ＨＰで公開しますので、各ＰＭには秘匿ノウハウの有無・内容を、別途、詳細にご連絡下さい。</blockquote>
<p>特になし</p>
<h2>
 その他（特記しておくべき事項等：該当者のみ記述）<a id="tg9c3ea0f5" class="anchor_super" href="#tg9c3ea0f5">&nbsp;</a>
</h2>
<p>特になし</p>
<h2>
 付録（用語説明、関連Ｗｅｂサイト　等）<a id="tg9c3ea0f6" class="anchor_super" href="#tg9c3ea0f6">&nbsp;</a>
</h2>
<blockquote>(1)用語説明○第三者が成果報告書を読んで理解できるよう、成果報告書で使用している略語・新語などの用語の説明を記述して下さい。(2)関連Ｗｅｂサイト○開発成果を公開しているWebサイトや、開発成果に関わるWebサイトがありましたら、（本文中に記載の場合も）本項にそのＵＲＬを必ず記述して下さい。</blockquote>
<ul>
<li> 用語説明<dl>
<dt>Tuigwaa</dt><dd>本プロジェクトで作成したツールの名称、正式には「WebUDA Tuigwaa」。WebUDA はWeb User Driven Architecture の略称で、本ツールにて実現する「ユーザ主導でアプリケーションを作成する」という概念そのものを表す名称。</dd><dt>Tuigwaa Manager</dt><dd>Tuigwaa 全体の管理を行う管理コンソールの名称。</dd><dt>サイト</dt><dd>Tuigwaa で管理するアプリケーションの基本単位。</dd><dt>ロジック</dt><dd>ある特定の条件下で、実行される一連の処理のこと。例えばあるテーブルのデータに入力があった場合 (条件) にメールを送信する (動作) といった一連の処理全体を指す。</dd><dt>プラグイン</dt><dd>Tuigwaa でテーブルとページコンテンツを結びつけたり、様々な機能を提供する機能群。</dd></dl>
</li></ul>
<ul>
<li> 関連 Web サイト<dl>
<dt><a href="http://tuigwaa.sandbox.seasar.org">http://tuigwaa.sandbox.seasar.org</a></dt><dd>Tuigwaa プロジェクトサイト。ソースのリポジトリやリリース情報などを提供。</dd><dt><a href="http://www.seasar.org">http://www.seasar.org</a></dt><dd>Tuigwaa がその配下にある日本発オープンソースプロジェクトのサイト。</dd><dt><a href="http://www.techscore.com">http://www.techscore.com</a></dt><dd>株式会社四次元データが運営している技術情報サイト。</dd></dl>
</li></ul>
