<table><tbody><tr><td>
hogehoge
</td>
<td>
hogehoge
</td>
</tr></tbody>
</table>
<span style="color:red;">&</span><table>
<tbody>
<tr><td>
hohoho
</td>
<td>
hohoho
</td>
</tr></tbody>
</table>
<p><span style="color:red;">hoge</span></p>
